// Vitest Snapshot v1, https://vitest.dev/guide/snapshot.html

exports[`AboutMeModal > matches snapshot when open 1`] = `
<DocumentFragment>
  <style>
    body { overflow: hidden; }
  </style>
  <div
    aria-modal="true"
    class="fixed inset-0 z-50 flex items-center justify-center bg-black/50 px-8"
    role="dialog"
  >
    <div
      class="bg-[#f2f2f2] rounded-[6px] w-full max-w-[718px] overflow-y-auto relative"
      style="max-height: calc(100vh - 96px);"
    >
      <button
        aria-label="Close"
        class="absolute top-4 right-5 text-gray-400 hover:text-black text-2xl leading-none transition-colors z-10"
      >
        ✕
      </button>
      <div
        class="pt-[47px] flex justify-center"
      >
        <div
          class="relative w-[584px] h-[328px] rounded-[4px] overflow-hidden"
        >
          <img
            alt="About Joan"
            src="/joanaboutme.jpeg"
          />
        </div>
      </div>
      <div
        class="px-[56px] pt-6 pb-6"
      >
        <p
          class="font-mono text-[16px] tracking-[4px] text-black text-center"
        >
          Hi, I'm Joan Miguel. 👋
        </p>
        <p
          class="font-mono font-semibold text-[16px] tracking-[3.2px] text-black text-center mt-4"
        >
          UX Designer | ASU Alum | Experience Enthusiast
        </p>
        <p
          class="font-sans text-[14px] tracking-[2.8px] text-black text-justify mt-5 leading-[1.4]"
        >
          My UX journey started at Arizona State University, an opportunity I earned through the Starbucks College Achievement Plan. Balancing a fast-paced barista role while earning my degree taught me the ultimate UX lesson: how to deliver a seamless, "addictive" experience even during a morning rush.
        </p>
        <div
          class="mt-4"
        >
          <p
            class="font-mono font-bold text-[16px] tracking-[3.2px] text-black"
          >
            🎨 
            <span
              class="font-bold"
            >
              Why I Design
            </span>
          </p>
          <p
            class="font-sans text-[14px] tracking-[2.8px] text-black text-justify mt-1 leading-[1.4]"
          >
            I'm obsessed with the "sticky" factor and creating apps that are so fun and intuitive they become a natural part of a user's day. I love exploring gamification and high-engagement flows that turn a simple task into a delightful moment.
          </p>
        </div>
        <div
          class="mt-4"
        >
          <p
            class="font-mono font-bold text-[16px] tracking-[3.2px] text-black"
          >
            🏔️ 
            <span
              class="font-bold"
            >
              Life Outside the Pixels
            </span>
          </p>
          <p
            class="font-sans text-[14px] tracking-[2.8px] text-black text-justify mt-1 leading-[1.4]"
          >
            When I'm not in Figma, you'll find me at Stoke Mountain, the first indoor ski and snowboard park in Washington. Working there keeps me connected to the outdoors and the local community of riders.
          </p>
        </div>
      </div>
    </div>
  </div>
</DocumentFragment>
`;
