// Vitest Snapshot v1, https://vitest.dev/guide/snapshot.html

exports[`PolaroidCard > matches snapshot 1`] = `
<DocumentFragment>
  <div
    class="_card_341337 cursor-pointer select-none"
    role="button"
    tabindex="0"
  >
    <div
      class="bg-white border border-gray-100 pt-3 px-3 pb-10 rounded-[6px]
                   shadow-[3px_6px_18px_rgba(0,0,0,0.18)]
                   hover:shadow-[6px_14px_36px_rgba(0,0,0,0.26)]
                   transition-shadow duration-300"
      style="width: 288px;"
    >
      <div
        class="_photo_341337 relative overflow-hidden"
        style="height: 183px;"
      >
        <img
          alt="Projects"
          src="/test.jpg"
        />
      </div>
      <p
        class="font-handwritten text-[32px] tracking-[6.4px] text-black text-center mt-2 leading-none"
      >
        Projects
      </p>
    </div>
  </div>
</DocumentFragment>
`;
