// Vitest Snapshot v1, https://vitest.dev/guide/snapshot.html

exports[`ProjectsSection > matches snapshot 1`] = `
<DocumentFragment>
  <section
    class="max-w-[1280px] mx-auto px-6 md:px-12 py-12 md:py-20"
    id="projects"
  >
    <h2
      class="font-handwritten text-[48px] md:text-[72px] tracking-[6px] text-black text-center mb-8 md:mb-16 leading-none"
    >
      Projects
    </h2>
    <div
      class="grid grid-cols-1 md:grid-cols-3 gap-6 md:gap-10"
    >
      <div
        class="group bg-white border border-gray-200 overflow-hidden rounded-[6px]"
      >
        <div
          class="relative w-full overflow-hidden"
          style="height: 260px;"
        >
          <img
            alt="Lawnboy Website Revamp"
            src="https://images.unsplash.com/photo-1458245201577-fc8a130b8829?w=600&h=400&fit=crop"
          />
        </div>
        <div
          class="p-6 flex flex-col"
        >
          <div
            class="flex flex-wrap gap-2 mb-3"
          >
            <span
              class="text-xs font-mono tracking-wide text-gray-400 border border-gray-200 rounded-full px-3 py-1"
            >
              UX Research
            </span>
            <span
              class="text-xs font-mono tracking-wide text-gray-400 border border-gray-200 rounded-full px-3 py-1"
            >
              Brand Identity
            </span>
            <span
              class="text-xs font-mono tracking-wide text-gray-400 border border-gray-200 rounded-full px-3 py-1"
            >
              Responsive Web
            </span>
            <span
              class="text-xs font-mono tracking-wide text-gray-400 border border-gray-200 rounded-full px-3 py-1"
            >
              Wireframing
            </span>
            <span
              class="text-xs font-mono tracking-wide text-gray-400 border border-gray-200 rounded-full px-3 py-1"
            >
              Interaction Design
            </span>
            <span
              class="text-xs font-mono tracking-wide text-gray-400 border border-gray-200 rounded-full px-3 py-1"
            >
              Figma AI
            </span>
          </div>
          <h3
            class="font-handwritten text-[28px] tracking-[3px] text-black mb-2 leading-none"
          >
            Lawnboy Website Revamp
          </h3>
          <p
            class="text-sm font-sans text-gray-400 mb-4"
          >
            Partnered with a family-owned small business to modernize their digital presence — crafting a fresh,...
          </p>
          <div
            class="flex justify-start"
          >
            <button
              class="text-xs font-mono tracking-widest text-gray-600 border border-gray-400 rounded-full px-3 py-1 hover:border-gray-700 hover:text-gray-900 transition-colors duration-200"
            >
              Read More
            </button>
          </div>
        </div>
      </div>
      <div
        aria-modal="true"
        class="fixed inset-0 z-50 flex items-center justify-center bg-black/50 px-4 md:px-8"
        role="dialog"
        style="display: none;"
      >
        <div
          class="bg-white rounded-[6px] w-full max-w-[718px] relative"
          style="max-height: calc(100vh - 96px);"
        >
          <button
            aria-label="Close"
            class="absolute top-5 right-6 text-gray-400 hover:text-black text-2xl leading-none transition-colors z-10"
          >
            ✕
          </button>
          <div
            class="p-6 md:p-10"
          >
            <div
              class="flex flex-wrap gap-2 mb-4"
            >
              <span
                class="text-xs font-mono tracking-wide text-gray-400 border border-gray-200 rounded-full px-3 py-1"
              >
                UX Research
              </span>
              <span
                class="text-xs font-mono tracking-wide text-gray-400 border border-gray-200 rounded-full px-3 py-1"
              >
                Brand Identity
              </span>
              <span
                class="text-xs font-mono tracking-wide text-gray-400 border border-gray-200 rounded-full px-3 py-1"
              >
                Responsive Web
              </span>
              <span
                class="text-xs font-mono tracking-wide text-gray-400 border border-gray-200 rounded-full px-3 py-1"
              >
                Wireframing
              </span>
              <span
                class="text-xs font-mono tracking-wide text-gray-400 border border-gray-200 rounded-full px-3 py-1"
              >
                Interaction Design
              </span>
              <span
                class="text-xs font-mono tracking-wide text-gray-400 border border-gray-200 rounded-full px-3 py-1"
              >
                Figma AI
              </span>
            </div>
            <h2
              class="font-handwritten text-[32px] md:text-[48px] tracking-[3px] text-black leading-none mb-8"
            >
              Lawnboy Website Revamp
            </h2>
            <p
              class="font-sans text-[16px] text-gray-700 leading-relaxed"
            >
              Partnered with a family-owned small business to modernize their digital presence — crafting a fresh, welcoming site designed to reflect their brand and drive new business.
            </p>
          </div>
        </div>
      </div>
      <div
        class="group bg-white border border-gray-200 overflow-hidden rounded-[6px]"
      >
        <div
          class="relative w-full overflow-hidden"
          style="height: 260px;"
        >
          <img
            alt="Custom UX/UI Portfolio Wesbite"
            src="https://images.unsplash.com/photo-1597534458220-9fb4969f2df5?w=600&h=400&fit=crop"
          />
        </div>
        <div
          class="p-6 flex flex-col"
        >
          <div
            class="flex flex-wrap gap-2 mb-3"
          >
            <span
              class="text-xs font-mono tracking-wide text-gray-400 border border-gray-200 rounded-full px-3 py-1"
            >
              Cross-functional Collaboration
            </span>
            <span
              class="text-xs font-mono tracking-wide text-gray-400 border border-gray-200 rounded-full px-3 py-1"
            >
              Information Architecture
            </span>
            <span
              class="text-xs font-mono tracking-wide text-gray-400 border border-gray-200 rounded-full px-3 py-1"
            >
              Visual Design
            </span>
            <span
              class="text-xs font-mono tracking-wide text-gray-400 border border-gray-200 rounded-full px-3 py-1"
            >
              Figma
            </span>
          </div>
          <h3
            class="font-handwritten text-[28px] tracking-[3px] text-black mb-2 leading-none"
          >
            Custom UX/UI Portfolio Wesbite
          </h3>
          <p
            class="text-sm font-sans text-gray-400 mb-4"
          >
            Collaborated closely with a software engineer to bring this portfolio to life — conceptualizing, designing,...
          </p>
          <div
            class="flex justify-start"
          >
            <button
              class="text-xs font-mono tracking-widest text-gray-600 border border-gray-400 rounded-full px-3 py-1 hover:border-gray-700 hover:text-gray-900 transition-colors duration-200"
            >
              Read More
            </button>
          </div>
        </div>
      </div>
      <div
        aria-modal="true"
        class="fixed inset-0 z-50 flex items-center justify-center bg-black/50 px-4 md:px-8"
        role="dialog"
        style="display: none;"
      >
        <div
          class="bg-white rounded-[6px] w-full max-w-[718px] relative"
          style="max-height: calc(100vh - 96px);"
        >
          <button
            aria-label="Close"
            class="absolute top-5 right-6 text-gray-400 hover:text-black text-2xl leading-none transition-colors z-10"
          >
            ✕
          </button>
          <div
            class="p-6 md:p-10"
          >
            <div
              class="flex flex-wrap gap-2 mb-4"
            >
              <span
                class="text-xs font-mono tracking-wide text-gray-400 border border-gray-200 rounded-full px-3 py-1"
              >
                Cross-functional Collaboration
              </span>
              <span
                class="text-xs font-mono tracking-wide text-gray-400 border border-gray-200 rounded-full px-3 py-1"
              >
                Information Architecture
              </span>
              <span
                class="text-xs font-mono tracking-wide text-gray-400 border border-gray-200 rounded-full px-3 py-1"
              >
                Visual Design
              </span>
              <span
                class="text-xs font-mono tracking-wide text-gray-400 border border-gray-200 rounded-full px-3 py-1"
              >
                Figma
              </span>
            </div>
            <h2
              class="font-handwritten text-[32px] md:text-[48px] tracking-[3px] text-black leading-none mb-8"
            >
              Custom UX/UI Portfolio Wesbite
            </h2>
            <p
              class="font-sans text-[16px] text-gray-700 leading-relaxed"
            >
              Collaborated closely with a software engineer to bring this portfolio to life — conceptualizing, designing, and iterating entirely in Figma from scratch, then seeing it through to a fully built, deployed website. Every layout, color choice, and interaction was designed with intention to create a seamless and personal experience.
            </p>
          </div>
        </div>
      </div>
      <div
        class="group bg-white border border-gray-200 overflow-hidden rounded-[6px]"
      >
        <div
          class="relative w-full overflow-hidden"
          style="height: 260px;"
        >
          <img
            alt="Buffalo Wild Wings Mobile App Feature"
            src="https://images.unsplash.com/photo-1578875858391-50798bc2ffee?w=600&h=400&fit=crop"
          />
        </div>
        <div
          class="p-6 flex flex-col"
        >
          <div
            class="flex flex-wrap gap-2 mb-3"
          >
            <span
              class="text-xs font-mono tracking-wide text-gray-400 border border-gray-200 rounded-full px-3 py-1"
            >
              User Research
            </span>
            <span
              class="text-xs font-mono tracking-wide text-gray-400 border border-gray-200 rounded-full px-3 py-1"
            >
              App Design
            </span>
            <span
              class="text-xs font-mono tracking-wide text-gray-400 border border-gray-200 rounded-full px-3 py-1"
            >
              Prototyping
            </span>
            <span
              class="text-xs font-mono tracking-wide text-gray-400 border border-gray-200 rounded-full px-3 py-1"
            >
              Usability Testing
            </span>
            <span
              class="text-xs font-mono tracking-wide text-gray-400 border border-gray-200 rounded-full px-3 py-1"
            >
              User Flows
            </span>
            <span
              class="text-xs font-mono tracking-wide text-gray-400 border border-gray-200 rounded-full px-3 py-1"
            >
              Motion Design
            </span>
          </div>
          <h3
            class="font-handwritten text-[28px] tracking-[3px] text-black mb-2 leading-none"
          >
            Buffalo Wild Wings Mobile App Feature
          </h3>
          <p
            class="text-sm font-sans text-gray-400 mb-4"
          >
            Orchestrated a game-day marketing initiative for Buffalo Wild Wings as part of a senior capstone...
          </p>
          <div
            class="flex justify-start"
          >
            <button
              class="text-xs font-mono tracking-widest text-gray-600 border border-gray-400 rounded-full px-3 py-1 hover:border-gray-700 hover:text-gray-900 transition-colors duration-200"
            >
              Read More
            </button>
          </div>
        </div>
      </div>
      <div
        aria-modal="true"
        class="fixed inset-0 z-50 flex items-center justify-center bg-black/50 px-4 md:px-8"
        role="dialog"
        style="display: none;"
      >
        <div
          class="bg-white rounded-[6px] w-full max-w-[718px] relative"
          style="max-height: calc(100vh - 96px);"
        >
          <button
            aria-label="Close"
            class="absolute top-5 right-6 text-gray-400 hover:text-black text-2xl leading-none transition-colors z-10"
          >
            ✕
          </button>
          <div
            class="p-6 md:p-10"
          >
            <div
              class="flex flex-wrap gap-2 mb-4"
            >
              <span
                class="text-xs font-mono tracking-wide text-gray-400 border border-gray-200 rounded-full px-3 py-1"
              >
                User Research
              </span>
              <span
                class="text-xs font-mono tracking-wide text-gray-400 border border-gray-200 rounded-full px-3 py-1"
              >
                App Design
              </span>
              <span
                class="text-xs font-mono tracking-wide text-gray-400 border border-gray-200 rounded-full px-3 py-1"
              >
                Prototyping
              </span>
              <span
                class="text-xs font-mono tracking-wide text-gray-400 border border-gray-200 rounded-full px-3 py-1"
              >
                Usability Testing
              </span>
              <span
                class="text-xs font-mono tracking-wide text-gray-400 border border-gray-200 rounded-full px-3 py-1"
              >
                User Flows
              </span>
              <span
                class="text-xs font-mono tracking-wide text-gray-400 border border-gray-200 rounded-full px-3 py-1"
              >
                Motion Design
              </span>
            </div>
            <h2
              class="font-handwritten text-[32px] md:text-[48px] tracking-[3px] text-black leading-none mb-8"
            >
              Buffalo Wild Wings Mobile App Feature
            </h2>
            <p
              class="font-sans text-[16px] text-gray-700 leading-relaxed"
            >
              Orchestrated a game-day marketing initiative for Buffalo Wild Wings as part of a senior capstone project at ASU, developing a mobile app feature concept designed to enhance brand visibility and fan engagement during key sporting events. Conducted user research, built wireframes, and delivered high-fidelity prototypes that translated real fan behaviors into a compelling, intuitive in-app experience.
            </p>
          </div>
        </div>
      </div>
    </div>
  </section>
</DocumentFragment>
`;
